exports[`Test Link components render correctly 1`] = `null`;