exports[`Test Quotes component Test component should render properly 1`] = `
<div className="quotes">
        
</div>
`;
